<html>
<body>
<pre>
<h1>礦ision Build Log</h1>
<h2>Tool Versions:</h2>
IDE-Version: μVision V5.35.0.0
Copyright (C) 2021 ARM Ltd and ARM Germany GmbH. All rights reserved.
License Information: 1 18836232587yst@sina.com, 1, LIC=CZLZX-HHG7Y-ARFXW-Q8SYF-AKNDS-72BY9
 
Tool Versions:
Toolchain:       MDK-ARM Plus  Version: 5.35.0.2
Toolchain Path:  C:\Keil_v5\ARM\ARMCLANG\Bin
C Compiler:      ArmClang.exe V6.16
Assembler:       Armasm.exe V6.16
Linker/Locator:  ArmLink.exe V6.16
Library Manager: ArmAr.exe V6.16
Hex Converter:   FromElf.exe V6.16
CPU DLL:         SARMCM3.DLL V5.35.0.2
Dialog DLL:      DARMCM1.DLL V1.19.4.0
Target DLL:      Segger\JL2CM3.dll V2.99.40.0
Dialog DLL:      TARMCM1.DLL V1.14.4.0
 
<h2>Project:</h2>
C:\Users\18836\Desktop\YQ\骏发瑞达\71427-USB无线串口V2.0\TS800x发布资料包20251108\SDK\ts800x_sdk_v1.6.0_Release\examples\2G4\2g4_tx_rx_ack_slp1\mdk\2g4_tx_rx_slp.uvprojx
Project File Date:  04/08/2026

<h2>Output:</h2>
*** Using Compiler 'V6.16', folder: 'C:\Keil_v5\ARM\ARMCLANG\Bin'
Rebuild target '2g4_tx_rx_slp'
assembling context_switch.S...
compiling system_init.c...
compiling main.c...
compiling SEGGER_RTT_printf.c...
assembling ts800x_startup.s...
compiling ts800x_it_2g4.c...
compiling log.c...
compiling uart_dbg.c...
compiling ts800x_otp_cfg.c...
compiling ts800x_hal_systick.c...
compiling ts800x_ll_gpio.c...
compiling SEGGER_RTT.c...
compiling ts800x_sleep_2g4.c...
compiling ts800x_hal_uart.c...
compiling ts800x_flash.c...
compiling assert.c...
linking...
Program Size: Code=16200 RO-data=2668 RW-data=1348 ZI-data=2328  
FromELF: creating hex file...
After Build - User command #1: ..\..\..\..\tools\ble_after_build.bat 2g4_tx_rx_slp ..\..\..\..
C:\Users\18836\Desktop\YQ\骏发瑞达\71427-USB无线串口V2.0\TS800x发布资料包20251108\SDK\ts800x_sdk_v1.6.0_Release\examples\2G4\2g4_tx_rx_ack_slp1\mdk>..\..\..\..\tools\srec_cat.exe .\obj\2g4_tx_rx_slp.hex -intel -offset -0x10000000 -o .\obj\2g4_tx_rx_slp.bin -binary 
C:\Users\18836\Desktop\YQ\骏发瑞达\71427-USB无线串口V2.0\TS800x发布资料包20251108\SDK\ts800x_sdk_v1.6.0_Release\examples\2G4\2g4_tx_rx_ack_slp1\mdk>..\..\..\..\tools\srec_cat.exe .\obj\2g4_tx_rx_slp.bin -binary -crop 0x2000 -offset -0x2000 -o .\obj\2g4_tx_rx_slp.ota.bin -binary 
".\obj\2g4_tx_rx_slp.axf" - 0 Error(s), 0 Warning(s).

<h2>Software Packages used:</h2>

Package Vendor: TechStorm
                https://www.TechStorm.com/TechStorm.DFP.1.0.0.pack
                TechStorm.DFP.1.0.0
                TechStorm TS80xx Series Device Support, Drivers and Examples

<h2>Collection of Component include folders:</h2>
  C:\Users\18836\AppData\Local\Arm\Packs\TechStorm\DFP\1.0.0\Device\ARM\ARMCM0\Include

<h2>Collection of Component Files used:</h2>
Build Time Elapsed:  00:00:02
</pre>
</body>
</html>
